Microchip MPLAB XC8 Compiler V2.45

Linker command line:

-W-3 \
  --edf=C:\Program Files\Microchip\xc8\v2.45\pic\dat\20230818022343_en.msgs \
  -cn -h+dist/default/debug\CALAR_SAAT.debug.sym \
  --cmf=dist/default/debug\CALAR_SAAT.debug.cmf -z -Q16F628A \
  -oC:\Users\Muhammed\AppData\Local\Temp\xcAs1io.\driver_tmp_3.o \
  --defsym=__MPLAB_BUILD=1 --fixupoverflow=error \
  -Mdist/default/debug/CALAR_SAAT.debug.map \
  --md=C:\Users\Muhammed\AppData\Local\Temp\xcAs1io.\driver_tmp_0.dat -E1 \
  -ver=XC8 Compiler --acfsm=1493 -ACODE=00h-07FFh -ASTRCODE=00h-07FFh \
  -ASTRING=00h-0FFhx8 -ACONST=00h-0FFhx8 -AENTRY=00h-0FFhx8 \
  -ACOMMON=070h-07Fh -ABANK0=020h-06Fh -ABANK1=0A0h-0EFh \
  -ABANK2=0120h-014Fh -ARAM=020h-06Fh,0A0h-0EFh,0120h-014Fh \
  -AABS1=020h-07Fh,0A0h-0EFh,0120h-014Fh -ASFR0=00h-01Fh -ASFR1=080h-09Fh \
  -ASFR2=0100h-011Fh -ASFR3=0180h-01EFh -ACONFIG=02007h-02007h -DCONFIG=2 \
  -AIDLOC=02000h-02003h -DIDLOC=2 -AEEDATA=00h-07Fh/02100h \
  -peeprom_data=EEDATA -DEEDATA=2 -DCODE=2 -DSTRCODE=2 -DSTRING=2 -DCONST=2 \
  -DENTRY=2 -preset_vec=00h,intentry=04h,init,end_init -ppowerup=CODE \
  -pcinit=CODE -pfunctab=ENTRY -k \
  C:\Users\Muhammed\AppData\Local\Temp\xcAs1io.\driver_tmp_12.o \
  dist/default/debug\CALAR_SAAT.debug.o 

Object code version is 3.11

Machine type is 16F628A



                Name                               Link     Load   Length Selector   Space Scale
C:\Users\Muhammed\AppData\Local\Temp\xcAs1io.\driver_tmp_12.o
                end_init                              A        A        1        8       0
                reset_vec                             0        0        1        0       0
                config                             2007     2007        1        0       4
dist/default/debug\CALAR_SAAT.debug.o
                cinit                                 B        B        E        8       0
                intentry                              4        4        6        8       0
                config                             2007     2007        1        0       4
                text3                               129      129       2C        8       0
                text2                                19       19       69        8       0
                text1                                82       82       59        8       0
                maintext                             DB       DB       4E        8       0
                cstackBANK0                          24       24        4       20       1
                cstackCOMMON                         70       70        8       70       1
                dataBANK0                            28       28        2       20       1
                bssBANK0                             20       20        4       20       1
                bssCOMMON                            78       78        4       70       1
                strings                             155      155       10      2AA       0
                idataBANK0                          165      165        2      2CA       0

TOTAL           Name                               Link     Load   Length     Space
        CLASS   CODE           
                end_init                              A        A        1         0
                cinit                                 B        B        E         0
                intentry                              4        4        6         0
                reset_vec                             0        0        1         0
                text3                               129      129       2C         0
                text2                                19       19       69         0
                text1                                82       82       59         0
                maintext                             DB       DB       4E         0
                idataBANK0                          165      165        2         0

        CLASS   STRCODE        

        CLASS   STRING         
                strings                             155      155       10         0

        CLASS   CONST          

        CLASS   ENTRY          

        CLASS   COMMON         
                cstackCOMMON                         70       70        8         1
                bssCOMMON                            78       78        4         1

        CLASS   BANK0          
                cstackBANK0                          24       24        4         1
                dataBANK0                            28       28        2         1
                bssBANK0                             20       20        4         1

        CLASS   BANK1          

        CLASS   BANK2          

        CLASS   RAM            

        CLASS   ABS1           
                abs_s1                               7E       7E        2         1

        CLASS   SFR0           

        CLASS   SFR1           

        CLASS   SFR2           

        CLASS   SFR3           

        CLASS   CONFIG         
                config                             2007     2007        1         4

        CLASS   IDLOC          

        CLASS   EEDATA         

        CLASS   BANK3          

        CLASS   HEAP           

        CLASS   STACK          



SEGMENTS        Name                           Load    Length   Top    Selector   Space  Class     Delta

                reset_vec                      000000  000001  000001         0       0  CODE        2
                intentry                       000004  000151  000155         8       0  CODE        2
                bssBANK0                       000020  00000A  00002A        20       1  BANK0       1
                cstackCOMMON                   000070  00000C  00007C        70       1  COMMON      1
                strings                        000155  000010  000165       2AA       0  STRING      2
                idataBANK0                     000165  000002  000167       2CA       0  CODE        2


UNUSED ADDRESS RANGES

        Name                Unused          Largest block    Delta
        BANK0            002A-006F             46           1
        BANK1            00A0-00EF             50           1
        BANK2            0120-014F             30           1
        CODE             0001-0003              3           2
                         0167-07FF            699
        COMMON           007C-007D              2           1
        CONST            0001-0003              3           2
                         0167-07FF            100
        EEDATA           2100-217F             80           2
        ENTRY            0001-0003              3           2
                         0167-07FF            100
        IDLOC            2000-2003              4           2
        RAM              002A-006F             46           1
                         00A0-00EF             50
                         0120-014F             30
        SFR0             0000-001F             20           1
        SFR1             0080-009F             20           1
        SFR2             0100-011F             20           1
        SFR3             0180-01EF             70           1
        STRCODE          0001-0003              3           2
                         0167-07FF            699
        STRING           0001-0003              3           2
                         0167-07FF            100

                                  Symbol Table

?___awdiv                cstackCOMMON 0072
?___awmod                cstackCOMMON 0072
_INTCONbits              (abs)        000B
_PCONbits                (abs)        008E
_PIE1bits                (abs)        008C
_PORTB                   (abs)        0006
_T1CONbits               (abs)        0010
_TMR1                    (abs)        000E
_TMR1IF                  (abs)        0060
_TRISB                   (abs)        0086
__H__absolute__          __absolute__ 0000
__Habs1                  abs1         0000
__Hbank0                 bank0        0000
__Hbank1                 bank1        0000
__Hbank2                 bank2        0000
__Hbank3                 bank3        0000
__HbssBANK0              bssBANK0     0000
__HbssCOMMON             bssCOMMON    0000
__Hcinit                 cinit        0019
__Hclrtext               clrtext      0000
__Hcode                  code         0000
__Hcommon                common       0000
__Hconfig                config       2008
__HcstackBANK0           cstackBANK0  0000
__HcstackCOMMON          cstackCOMMON 0000
__HdataBANK0             dataBANK0    0000
__Heeprom_data           eeprom_data  0000
__Hend_init              end_init     000B
__Hfunctab               functab      0000
__Hheap                  heap         0000
__HidataBANK0            idataBANK0   0000
__Hinit                  init         000A
__Hintentry              intentry     000A
__Hmaintext              maintext     0000
__Hpowerup               powerup      0000
__Hram                   ram          0000
__Hreset_vec             reset_vec    0001
__Hsfr0                  sfr0         0000
__Hsfr1                  sfr1         0000
__Hsfr2                  sfr2         0000
__Hsfr3                  sfr3         0000
__Hspace_0               (abs)        0167
__Hspace_1               (abs)        007C
__Hspace_2               (abs)        0000
__Hspace_3               (abs)        0000
__Hspace_4               (abs)        400F
__Hstack                 stack        0000
__Hstrings               strings      0000
__Htext                  text         0000
__L__absolute__          __absolute__ 0000
__Labs1                  abs1         0000
__Lbank0                 bank0        0000
__Lbank1                 bank1        0000
__Lbank2                 bank2        0000
__Lbank3                 bank3        0000
__LbssBANK0              bssBANK0     0000
__LbssCOMMON             bssCOMMON    0000
__Lcinit                 cinit        000B
__Lclrtext               clrtext      0000
__Lcode                  code         0000
__Lcommon                common       0000
__Lconfig                config       0000
__LcstackBANK0           cstackBANK0  0000
__LcstackCOMMON          cstackCOMMON 0000
__LdataBANK0             dataBANK0    0000
__Leeprom_data           eeprom_data  0000
__Lend_init              end_init     000A
__Lfunctab               functab      0000
__Lheap                  heap         0000
__LidataBANK0            idataBANK0   0000
__Linit                  init         000A
__Lintentry              intentry     0004
__Lmaintext              maintext     0000
__Lpowerup               powerup      0000
__Lram                   ram          0000
__Lreset_vec             reset_vec    0000
__Lsfr0                  sfr0         0000
__Lsfr1                  sfr1         0000
__Lsfr2                  sfr2         0000
__Lsfr3                  sfr3         0000
__Lspace_0               (abs)        0000
__Lspace_1               (abs)        0000
__Lspace_2               (abs)        0000
__Lspace_3               (abs)        0000
__Lspace_4               (abs)        0000
__Lstack                 stack        0000
__Lstrings               strings      0000
__Ltext                  text         0000
__S0                     (abs)        0167
__S1                     (abs)        007C
__S3                     (abs)        0000
___awdiv                 text2        0019
___awdiv@counter         cstackBANK0  0024
___awdiv@dividend        cstackCOMMON 0074
___awdiv@divisor         cstackCOMMON 0072
___awdiv@quotient        cstackBANK0  0026
___awdiv@sign            cstackBANK0  0025
___awmod                 text1        0082
___awmod@counter         cstackCOMMON 0076
___awmod@dividend        cstackCOMMON 0074
___awmod@divisor         cstackCOMMON 0072
___awmod@sign            cstackCOMMON 0077
___heap_hi               (abs)        0000
___heap_lo               (abs)        0000
___int_sp                stack        0000
___int_stack_hi          stack        0000
___int_stack_lo          stack        0000
___latbits               (abs)        0000
___sp                    stack        0000
___stack_hi              stack        0000
___stack_lo              stack        0000
___stackhi               (abs)        0000
___stacklo               (abs)        0000
__end_of___awdiv         text2        0082
__end_of___awmod         text1        00DB
__end_of__initialization cinit        0017
__end_of__stringtab      strings      015B
__end_of_main            maintext     0129
__end_of_timer1          text3        0155
__initialization         cinit        000B
__pbssBANK0              bssBANK0     0020
__pbssCOMMON             bssCOMMON    0078
__pcstackBANK0           cstackBANK0  0024
__pcstackCOMMON          cstackCOMMON 0070
__pdataBANK0             dataBANK0    0028
__pidataBANK0            idataBANK0   0165
__pintentry              intentry     0004
__pmaintext              maintext     00DB
__pstrings               strings      0155
__ptext1                 text1        0082
__ptext2                 text2        0019
__ptext3                 text3        0129
__stringbase             strings      015A
__stringtab              strings      0155
_dakika                  bssCOMMON    0078
_main                    maintext     00DB
_saat                    bssBANK0     0020
_saniye                  bssCOMMON    007A
_sayac                   bssBANK0     0022
_sayilar                 dataBANK0    0028
_timer1                  text3        0129
btemp                    (abs)        007E
end_of_initialization    cinit        0017
interrupt_function       intentry     0004
intlevel0                functab      0000
intlevel1                functab      0000
intlevel2                functab      0000
intlevel3                functab      0000
intlevel4                functab      0000
intlevel5                functab      0000
reset_vec                reset_vec    0000
saved_w                  (abs)        007E
start                    init         000A
start_initialization     cinit        000B
wtemp0                   (abs)        007E


MODULE INFORMATION

Module		Function		Class		Link	Load	Size
C:\Program Files\Microchip\xc8\v2.45\pic\sources\c99\common\awmod.c
		___awmod       		CODE           	0082	0000	89

C:\Program Files\Microchip\xc8\v2.45\pic\sources\c99\common\awmod.c estimated size: 89

shared
		__stringtab    		STRING         	0155	0000	6
		__initialization		CODE           	000B	0000	12

shared estimated size: 18

CALAR_SAAT.c
		_main          		CODE           	00DB	0000	78
		_timer1        		CODE           	0129	0000	44

CALAR_SAAT.c estimated size: 122

C:\Program Files\Microchip\xc8\v2.45\pic\sources\c99\common\awdiv.c
		___awdiv       		CODE           	0019	0000	105

C:\Program Files\Microchip\xc8\v2.45\pic\sources\c99\common\awdiv.c estimated size: 105

